Starting CatBoost Optuna optimization...
[Trial 2457 | Fold 1] PR-AUC=0.4304, ROC-AUC=0.7535
[Trial 2457 | Fold 2] PR-AUC=0.4401, ROC-AUC=0.8010
[Trial 2457 | Fold 3] PR-AUC=0.4522, ROC-AUC=0.7949
[Trial 2457 | Fold 4] PR-AUC=0.5154, ROC-AUC=0.8110
[Trial 2460 | Fold 1] PR-AUC=0.5384, ROC-AUC=0.7836
[Trial 2460 | Fold 4] PR-AUC=0.5565, ROC-AUC=0.8207
[Trial 2491 | Fold 1] PR-AUC=0.5602, ROC-AUC=0.7922
[Trial 2505 | Fold 2] PR-AUC=0.5649, ROC-AUC=0.8242
[Trial 2577 | Fold 2] PR-AUC=0.5663, ROC-AUC=0.8169
[Trial 2587 | Fold 2] PR-AUC=0.5702, ROC-AUC=0.8218
[Trial 3446 | Fold 1] PR-AUC=0.5707, ROC-AUC=0.7966
[Trial 3519 | Fold 2] PR-AUC=0.5739, ROC-AUC=0.8193
[Trial 3607 | Fold 2] PR-AUC=0.5770, ROC-AUC=0.8200
Saved Optuna trials to: /mnt/results/training/catboost/train_20260203085441/optuna_trials_array0.csv
Saved best hyperparameters to: /mnt/results/training/catboost/train_20260203085441/best_params.json
Saved best metrics to: /mnt/results/training/catboost/train_20260203085441/best_metrics.json

================================================================================
BEST TRIAL SUMMARY
================================================================================
Date & Time     : 2026-02-03 15:18:49.295455
Study name      : bact_ctb_mort30
Best trial ID   : 3101
CV PR-AUC       : 0.5534
CV ROC-AUC      : 0.8116
Test PR-AUC     : 0.5118
Test ROC-AUC    : 0.8060
Seed            : 99
Array task ID   : 0
--------------------------------------------------------------------------------
Best hyperparameters:
  pos_weight: 2.2783135088252737
  learning_rate: 0.07847242732036021
  depth: 10
  l2_leaf_reg: 13.115754832046461
  min_data_in_leaf: 200
  random_strength: 1.4431165589453427
  bagging_temperature: 0.5248487851016446
================================================================================

