Starting CatBoost Optuna optimization...
[Trial 1 | Fold 1] PR-AUC=0.4301, ROC-AUC=0.7550
[Trial 1 | Fold 2] PR-AUC=0.4903, ROC-AUC=0.8143
[Trial 6 | Fold 2] PR-AUC=0.5289, ROC-AUC=0.8234
[Trial 12 | Fold 2] PR-AUC=0.5514, ROC-AUC=0.8162
[Trial 50 | Fold 2] PR-AUC=0.5594, ROC-AUC=0.8259
[Trial 153 | Fold 2] PR-AUC=0.5691, ROC-AUC=0.8206
Saved Optuna trials to: /mnt/results/training/catboost/train_20260202183804/optuna_trials_array0.csv
Saved best hyperparameters to: /mnt/results/training/catboost/train_20260202183804/best_params.json
Saved best metrics to: /mnt/results/training/catboost/train_20260202183804/best_metrics.json

================================================================================
BEST TRIAL SUMMARY
================================================================================
Date & Time     : 2026-02-02 19:10:02.101707
Study name      : bact_ctb_mort30
Best trial ID   : 64
CV PR-AUC       : 0.5369
CV ROC-AUC      : 0.8068
Test PR-AUC     : 0.5408
Test ROC-AUC    : 0.8146
Seed            : 99
Array task ID   : 0
--------------------------------------------------------------------------------
Best hyperparameters:
  learning_rate: 0.038631284973453806
  depth: 8
  l2_leaf_reg: 14.169378014419223
  min_data_in_leaf: 88
  random_strength: 0.9478794553973662
  bagging_temperature: 0.8927032595642498
================================================================================

