Starting CatBoost Optuna optimization...
[Trial 698 | Fold 1] PR-AUC=0.4763, ROC-AUC=0.7740
[Trial 698 | Fold 2] PR-AUC=0.5073, ROC-AUC=0.8126
[Trial 698 | Fold 4] PR-AUC=0.5258, ROC-AUC=0.8101
[Trial 700 | Fold 1] PR-AUC=0.5403, ROC-AUC=0.7866
[Trial 700 | Fold 2] PR-AUC=0.5428, ROC-AUC=0.8108
[Trial 702 | Fold 2] PR-AUC=0.5530, ROC-AUC=0.8240
[Trial 707 | Fold 2] PR-AUC=0.5578, ROC-AUC=0.8167
[Trial 708 | Fold 2] PR-AUC=0.5605, ROC-AUC=0.8241
[Trial 711 | Fold 2] PR-AUC=0.5605, ROC-AUC=0.8208
[Trial 716 | Fold 2] PR-AUC=0.5611, ROC-AUC=0.8236
Saved Optuna trials to: /mnt/results/training/catboost/train_20260202194701/optuna_trials_array0.csv
Saved best hyperparameters to: /mnt/results/training/catboost/train_20260202194701/best_params.json
Saved best metrics to: /mnt/results/training/catboost/train_20260202194701/best_metrics.json

================================================================================
BEST TRIAL SUMMARY
================================================================================
Date & Time     : 2026-02-02 20:21:17.542406
Study name      : bact_ctb_mort30
Best trial ID   : 232
CV PR-AUC       : 0.5396
CV ROC-AUC      : 0.8057
Test PR-AUC     : 0.5289
Test ROC-AUC    : 0.8093
Seed            : 99
Array task ID   : 0
--------------------------------------------------------------------------------
Best hyperparameters:
  learning_rate: 0.04412294412957758
  depth: 8
  l2_leaf_reg: 13.096963322942923
  min_data_in_leaf: 143
  random_strength: 0.9985055865600287
  bagging_temperature: 0.8263736830696862
================================================================================

