Starting CatBoost Optuna optimization...
[Trial 0 | Fold 1] PR-AUC=0.4073, ROC-AUC=0.7395
[Trial 0 | Fold 2] PR-AUC=0.4493, ROC-AUC=0.8049
[Trial 0 | Fold 3] PR-AUC=0.4643, ROC-AUC=0.7956
[Trial 0 | Fold 4] PR-AUC=0.4740, ROC-AUC=0.7956
[Trial 5 | Fold 1] PR-AUC=0.5141, ROC-AUC=0.7775
[Trial 5 | Fold 2] PR-AUC=0.5262, ROC-AUC=0.8147
[Trial 5 | Fold 4] PR-AUC=0.5349, ROC-AUC=0.8119
[Trial 7 | Fold 2] PR-AUC=0.5410, ROC-AUC=0.8182
[Trial 13 | Fold 2] PR-AUC=0.5452, ROC-AUC=0.8157
[Trial 19 | Fold 4] PR-AUC=0.5474, ROC-AUC=0.8183
[Trial 27 | Fold 2] PR-AUC=0.5497, ROC-AUC=0.8140
[Trial 44 | Fold 1] PR-AUC=0.5498, ROC-AUC=0.7923
[Trial 64 | Fold 2] PR-AUC=0.5509, ROC-AUC=0.8180
[Trial 124 | Fold 2] PR-AUC=0.5588, ROC-AUC=0.8207
[Trial 126 | Fold 2] PR-AUC=0.5588, ROC-AUC=0.8272
Saved Optuna trials to: /mnt/results/training/catboost/train_20260202183801/optuna_trials_array0.csv
Saved best hyperparameters to: /mnt/results/training/catboost/train_20260202183801/best_params.json
Saved best metrics to: /mnt/results/training/catboost/train_20260202183801/best_metrics.json

================================================================================
BEST TRIAL SUMMARY
================================================================================
Date & Time     : 2026-02-02 19:09:01.359838
Study name      : bact_ctb_mort30
Best trial ID   : 64
CV PR-AUC       : 0.5369
CV ROC-AUC      : 0.8068
Test PR-AUC     : 0.5408
Test ROC-AUC    : 0.8146
Seed            : 99
Array task ID   : 0
--------------------------------------------------------------------------------
Best hyperparameters:
  learning_rate: 0.038631284973453806
  depth: 8
  l2_leaf_reg: 14.169378014419223
  min_data_in_leaf: 88
  random_strength: 0.9478794553973662
  bagging_temperature: 0.8927032595642498
================================================================================

