Starting CatBoost Optuna optimization...
[Trial 200 | Fold 1] PR-AUC=0.5163, ROC-AUC=0.7822
[Trial 200 | Fold 2] PR-AUC=0.5339, ROC-AUC=0.8083
[Trial 200 | Fold 4] PR-AUC=0.5466, ROC-AUC=0.8131
[Trial 222 | Fold 4] PR-AUC=0.5501, ROC-AUC=0.8211
[Trial 234 | Fold 2] PR-AUC=0.5652, ROC-AUC=0.8259
[Trial 359 | Fold 2] PR-AUC=0.5667, ROC-AUC=0.8237
Saved Optuna trials to: /mnt/results/training/catboost/train_20260202191344/optuna_trials_array0.csv
Saved best hyperparameters to: /mnt/results/training/catboost/train_20260202191344/best_params.json
Saved best metrics to: /mnt/results/training/catboost/train_20260202191344/best_metrics.json

================================================================================
BEST TRIAL SUMMARY
================================================================================
Date & Time     : 2026-02-02 19:46:58.617048
Study name      : bact_ctb_mort30
Best trial ID   : 232
CV PR-AUC       : 0.5396
CV ROC-AUC      : 0.8057
Test PR-AUC     : 0.5289
Test ROC-AUC    : 0.8093
Seed            : 99
Array task ID   : 0
--------------------------------------------------------------------------------
Best hyperparameters:
  learning_rate: 0.04412294412957758
  depth: 8
  l2_leaf_reg: 13.096963322942923
  min_data_in_leaf: 143
  random_strength: 0.9985055865600287
  bagging_temperature: 0.8263736830696862
================================================================================

