Starting CatBoost Optuna optimization...
[Trial 2279 | Fold 1] PR-AUC=0.5577, ROC-AUC=0.7845
[Trial 2311 | Fold 2] PR-AUC=0.5605, ROC-AUC=0.8235
[Trial 2314 | Fold 2] PR-AUC=0.5749, ROC-AUC=0.8194
Saved Optuna trials to: /mnt/results/training/catboost/train_20260203054745/optuna_trials_array0.csv
Saved best hyperparameters to: /mnt/results/training/catboost/train_20260203054745/best_params.json
Saved best metrics to: /mnt/results/training/catboost/train_20260203054745/best_metrics.json

================================================================================
BEST TRIAL SUMMARY
================================================================================
Date & Time     : 2026-02-03 11:54:41.780341
Study name      : bact_ctb_mort30
Best trial ID   : 3101
CV PR-AUC       : 0.5534
CV ROC-AUC      : 0.8116
Test PR-AUC     : 0.5118
Test ROC-AUC    : 0.8060
Seed            : 99
Array task ID   : 0
--------------------------------------------------------------------------------
Best hyperparameters:
  pos_weight: 2.2783135088252737
  learning_rate: 0.07847242732036021
  depth: 10
  l2_leaf_reg: 13.115754832046461
  min_data_in_leaf: 200
  random_strength: 1.4431165589453427
  bagging_temperature: 0.5248487851016446
================================================================================

