Traceback (most recent call last):
  File "/opt/conda/envs/bacthecom/lib/python3.10/site-packages/sqlalchemy/engine/base.py", line 1967, in _exec_single_context
    self.dialect.do_execute(
  File "/opt/conda/envs/bacthecom/lib/python3.10/site-packages/sqlalchemy/engine/default.py", line 952, in do_execute
    cursor.execute(statement, parameters)
sqlite3.OperationalError: table trials already exists

The above exception was the direct cause of the following exception:

Traceback (most recent call last):
  File "/mnt/scripts/train_catboost_optuna.py", line 191, in <module>
    study = optuna.create_study(
  File "/opt/conda/envs/bacthecom/lib/python3.10/site-packages/optuna/_convert_positional_args.py", line 135, in converter_wrapper
    return func(**kwargs)  # type: ignore[call-arg]
  File "/opt/conda/envs/bacthecom/lib/python3.10/site-packages/optuna/study/study.py", line 1295, in create_study
    storage = storages.get_storage(storage)
  File "/opt/conda/envs/bacthecom/lib/python3.10/site-packages/optuna/storages/__init__.py", line 49, in get_storage
    return _CachedStorage(RDBStorage(storage))
  File "/opt/conda/envs/bacthecom/lib/python3.10/site-packages/optuna/storages/_rdb/storage.py", line 240, in __init__
    models.BaseModel.metadata.create_all(self.engine)
  File "/opt/conda/envs/bacthecom/lib/python3.10/site-packages/sqlalchemy/sql/schema.py", line 5928, in create_all
    bind._run_ddl_visitor(
  File "/opt/conda/envs/bacthecom/lib/python3.10/site-packages/sqlalchemy/engine/base.py", line 3260, in _run_ddl_visitor
    conn._run_ddl_visitor(visitorcallable, element, **kwargs)
  File "/opt/conda/envs/bacthecom/lib/python3.10/site-packages/sqlalchemy/engine/base.py", line 2467, in _run_ddl_visitor
    ).traverse_single(element)
  File "/opt/conda/envs/bacthecom/lib/python3.10/site-packages/sqlalchemy/sql/visitors.py", line 661, in traverse_single
    return meth(obj, **kw)
  File "/opt/conda/envs/bacthecom/lib/python3.10/site-packages/sqlalchemy/sql/ddl.py", line 984, in visit_metadata
    self.traverse_single(
  File "/opt/conda/envs/bacthecom/lib/python3.10/site-packages/sqlalchemy/sql/visitors.py", line 661, in traverse_single
    return meth(obj, **kw)
  File "/opt/conda/envs/bacthecom/lib/python3.10/site-packages/sqlalchemy/sql/ddl.py", line 1022, in visit_table
    )._invoke_with(self.connection)
  File "/opt/conda/envs/bacthecom/lib/python3.10/site-packages/sqlalchemy/sql/ddl.py", line 321, in _invoke_with
    return bind.execute(self)
  File "/opt/conda/envs/bacthecom/lib/python3.10/site-packages/sqlalchemy/engine/base.py", line 1419, in execute
    return meth(
  File "/opt/conda/envs/bacthecom/lib/python3.10/site-packages/sqlalchemy/sql/ddl.py", line 187, in _execute_on_connection
    return connection._execute_ddl(
  File "/opt/conda/envs/bacthecom/lib/python3.10/site-packages/sqlalchemy/engine/base.py", line 1530, in _execute_ddl
    ret = self._execute_context(
  File "/opt/conda/envs/bacthecom/lib/python3.10/site-packages/sqlalchemy/engine/base.py", line 1846, in _execute_context
    return self._exec_single_context(
  File "/opt/conda/envs/bacthecom/lib/python3.10/site-packages/sqlalchemy/engine/base.py", line 1986, in _exec_single_context
    self._handle_dbapi_exception(
  File "/opt/conda/envs/bacthecom/lib/python3.10/site-packages/sqlalchemy/engine/base.py", line 2363, in _handle_dbapi_exception
    raise sqlalchemy_exception.with_traceback(exc_info[2]) from e
  File "/opt/conda/envs/bacthecom/lib/python3.10/site-packages/sqlalchemy/engine/base.py", line 1967, in _exec_single_context
    self.dialect.do_execute(
  File "/opt/conda/envs/bacthecom/lib/python3.10/site-packages/sqlalchemy/engine/default.py", line 952, in do_execute
    cursor.execute(statement, parameters)
sqlalchemy.exc.OperationalError: (sqlite3.OperationalError) table trials already exists
[SQL: 
CREATE TABLE trials (
	trial_id INTEGER NOT NULL, 
	number INTEGER, 
	study_id INTEGER, 
	state VARCHAR(8) NOT NULL, 
	datetime_start DATETIME, 
	datetime_complete DATETIME, 
	PRIMARY KEY (trial_id), 
	FOREIGN KEY(study_id) REFERENCES studies (study_id)
)

]
(Background on this error at: https://sqlalche.me/e/20/e3q8)
