Starting CatBoost Optuna optimization...
[Trial 2456 | Fold 1] PR-AUC=0.5466, ROC-AUC=0.7846
[Trial 2456 | Fold 4] PR-AUC=0.5541, ROC-AUC=0.8275
[Trial 2463 | Fold 2] PR-AUC=0.5561, ROC-AUC=0.8223
[Trial 2477 | Fold 1] PR-AUC=0.5582, ROC-AUC=0.7876
[Trial 2490 | Fold 2] PR-AUC=0.5720, ROC-AUC=0.8226
[Trial 3101 | Fold 2] PR-AUC=0.5722, ROC-AUC=0.8242
[Trial 3392 | Fold 2] PR-AUC=0.5734, ROC-AUC=0.8232
Saved Optuna trials to: /mnt/results/training/catboost/train_20260203085440/optuna_trials_array0.csv
Saved best hyperparameters to: /mnt/results/training/catboost/train_20260203085440/best_params.json
Saved best metrics to: /mnt/results/training/catboost/train_20260203085440/best_metrics.json

================================================================================
BEST TRIAL SUMMARY
================================================================================
Date & Time     : 2026-02-03 15:17:02.018785
Study name      : bact_ctb_mort30
Best trial ID   : 3101
CV PR-AUC       : 0.5534
CV ROC-AUC      : 0.8116
Test PR-AUC     : 0.5118
Test ROC-AUC    : 0.8060
Seed            : 99
Array task ID   : 0
--------------------------------------------------------------------------------
Best hyperparameters:
  pos_weight: 2.2783135088252737
  learning_rate: 0.07847242732036021
  depth: 10
  l2_leaf_reg: 13.115754832046461
  min_data_in_leaf: 200
  random_strength: 1.4431165589453427
  bagging_temperature: 0.5248487851016446
================================================================================

