Starting CatBoost Optuna optimization...
[Trial 203 | Fold 1] PR-AUC=0.5205, ROC-AUC=0.7822
[Trial 203 | Fold 2] PR-AUC=0.5594, ROC-AUC=0.8177
[Trial 230 | Fold 2] PR-AUC=0.5600, ROC-AUC=0.8273
[Trial 287 | Fold 2] PR-AUC=0.5614, ROC-AUC=0.8247
[Trial 540 | Fold 2] PR-AUC=0.5614, ROC-AUC=0.8277
Saved Optuna trials to: /mnt/results/training/catboost/train_20260202191345/optuna_trials_array0.csv
Saved best hyperparameters to: /mnt/results/training/catboost/train_20260202191345/best_params.json
Saved best metrics to: /mnt/results/training/catboost/train_20260202191345/best_metrics.json

================================================================================
BEST TRIAL SUMMARY
================================================================================
Date & Time     : 2026-02-02 19:47:48.198513
Study name      : bact_ctb_mort30
Best trial ID   : 232
CV PR-AUC       : 0.5396
CV ROC-AUC      : 0.8057
Test PR-AUC     : 0.5289
Test ROC-AUC    : 0.8093
Seed            : 99
Array task ID   : 0
--------------------------------------------------------------------------------
Best hyperparameters:
  learning_rate: 0.04412294412957758
  depth: 8
  l2_leaf_reg: 13.096963322942923
  min_data_in_leaf: 143
  random_strength: 0.9985055865600287
  bagging_temperature: 0.8263736830696862
================================================================================

