Starting CatBoost Optuna optimization...
[Trial 803 | Fold 1] PR-AUC=0.5477, ROC-AUC=0.7850
[Trial 813 | Fold 2] PR-AUC=0.5494, ROC-AUC=0.8075
[Trial 816 | Fold 1] PR-AUC=0.5567, ROC-AUC=0.7912
[Trial 816 | Fold 2] PR-AUC=0.5665, ROC-AUC=0.8258
[Trial 1162 | Fold 2] PR-AUC=0.5741, ROC-AUC=0.8257
Saved Optuna trials to: /mnt/results/training/catboost/train_20260203000109/optuna_trials_array0.csv
Saved best hyperparameters to: /mnt/results/training/catboost/train_20260203000109/best_params.json
Saved best metrics to: /mnt/results/training/catboost/train_20260203000109/best_metrics.json

================================================================================
BEST TRIAL SUMMARY
================================================================================
Date & Time     : 2026-02-03 05:56:16.390387
Study name      : bact_ctb_mort30
Best trial ID   : 838
CV PR-AUC       : 0.5524
CV ROC-AUC      : 0.8056
Test PR-AUC     : 0.5186
Test ROC-AUC    : 0.8086
Seed            : 99
Array task ID   : 0
--------------------------------------------------------------------------------
Best hyperparameters:
  learning_rate: 0.06494718500840095
  depth: 10
  l2_leaf_reg: 10.053728297209785
  min_data_in_leaf: 143
  random_strength: 0.974757951137271
  bagging_temperature: 0.5318617874668132
================================================================================

