Starting CatBoost Optuna optimization...
[Trial 202 | Fold 1] PR-AUC=0.5253, ROC-AUC=0.7852
[Trial 202 | Fold 2] PR-AUC=0.5289, ROC-AUC=0.8210
[Trial 202 | Fold 4] PR-AUC=0.5334, ROC-AUC=0.8129
[Trial 211 | Fold 1] PR-AUC=0.5346, ROC-AUC=0.7878
[Trial 211 | Fold 2] PR-AUC=0.5374, ROC-AUC=0.8246
[Trial 211 | Fold 4] PR-AUC=0.5402, ROC-AUC=0.8104
[Trial 216 | Fold 2] PR-AUC=0.5505, ROC-AUC=0.8181
[Trial 221 | Fold 2] PR-AUC=0.5528, ROC-AUC=0.8195
[Trial 232 | Fold 2] PR-AUC=0.5621, ROC-AUC=0.8177
[Trial 386 | Fold 2] PR-AUC=0.5699, ROC-AUC=0.8221
[Trial 693 | Fold 2] PR-AUC=0.5710, ROC-AUC=0.8252
Saved Optuna trials to: /mnt/results/training/catboost/train_20260202191344/optuna_trials_array0.csv
Saved best hyperparameters to: /mnt/results/training/catboost/train_20260202191344/best_params.json
Saved best metrics to: /mnt/results/training/catboost/train_20260202191344/best_metrics.json

================================================================================
BEST TRIAL SUMMARY
================================================================================
Date & Time     : 2026-02-02 19:47:05.520479
Study name      : bact_ctb_mort30
Best trial ID   : 232
CV PR-AUC       : 0.5396
CV ROC-AUC      : 0.8057
Test PR-AUC     : 0.5289
Test ROC-AUC    : 0.8093
Seed            : 99
Array task ID   : 0
--------------------------------------------------------------------------------
Best hyperparameters:
  learning_rate: 0.04412294412957758
  depth: 8
  l2_leaf_reg: 13.096963322942923
  min_data_in_leaf: 143
  random_strength: 0.9985055865600287
  bagging_temperature: 0.8263736830696862
================================================================================

